============================= test session starts =============================
platform win32 -- Python 3.14.3, pytest-9.0.3, pluggy-1.6.0 -- C:\Users\BINHND\AppData\Local\Python\pythoncore-3.14-64\python.exe
cachedir: .pytest_cache
rootdir: C:\Users\BINHND\Desktop\a
collecting ... collected 47 items

tests/test_augmentation.py::test_augment_data_returns_8_aligned_pairs PASSED [  2%]
tests/test_heuristic.py::test_evaluate_empty_board PASSED                [  4%]
tests/test_heuristic.py::test_evaluate_winning_position PASSED           [  6%]
tests/test_heuristic.py::test_evaluate_blocking PASSED                   [  8%]
tests/test_heuristic.py::test_evaluate_open_four PASSED                  [ 10%]
tests/test_integration.py::test_full_game_win_horizontal PASSED          [ 12%]
tests/test_integration.py::test_full_game_win_vertical PASSED            [ 14%]
tests/test_integration.py::test_full_game_draw PASSED                    [ 17%]
tests/test_integration.py::test_cannot_overwrite PASSED                  [ 19%]
tests/test_integration.py::test_valid_moves_decreases PASSED             [ 21%]
tests/test_integration.py::test_board_reset PASSED                       [ 23%]
tests/test_integration.py::test_board_copy PASSED                        [ 25%]
tests/test_logger.py::test_log_match_creates_csv PASSED                  [ 27%]
tests/test_logger.py::test_log_match_draw PASSED                         [ 29%]
tests/test_logger.py::test_log_match_empty_stages PASSED                 [ 31%]
tests/test_logger.py::test_log_game_replay_creates_jsonl PASSED          [ 34%]
tests/test_logger.py::test_log_game_replay_draw PASSED                   [ 36%]
tests/test_logger.py::test_log_game_replay_numpy_int_types PASSED        [ 38%]
tests/test_logger.py::test_load_logs_empty PASSED                        [ 40%]
tests/test_logger.py::test_load_replays_empty PASSED                     [ 42%]
tests/test_mcts.py::test_mcts_returns_valid_pi_and_masks_occupied PASSED [ 44%]
tests/test_mcts.py::test_mcts_finds_immediate_winning_move PASSED        [ 46%]
tests/test_minimax.py::test_minimax_returns_valid_move_on_empty PASSED   [ 48%]
tests/test_minimax.py::test_minimax_returns_valid_move_on_partial_board PASSED [ 51%]
tests/test_minimax.py::test_minimax_blocks_immediate_threat PASSED       [ 53%]
tests/test_minimax.py::test_minimax_wins_if_possible PASSED              [ 55%]
tests/test_replay_buffer.py::test_push_and_len PASSED                    [ 57%]
tests/test_replay_buffer.py::test_sample PASSED                          [ 59%]
tests/test_replay_buffer.py::test_capacity_overflow PASSED               [ 61%]
tests/test_replay_buffer.py::test_save_and_load PASSED                   [ 63%]
tests/test_rl_agent.py::test_alphazero_net_forward_shapes PASSED         [ 65%]
tests/test_rl_agent.py::test_alphazero_agent_returns_valid_move PASSED   [ 68%]
tests/test_rules.py::test_is_win_horizontal PASSED                       [ 70%]
tests/test_rules.py::test_is_win_vertical PASSED                         [ 72%]
tests/test_rules.py::test_is_win_diagonal PASSED                         [ 74%]
tests/test_rules.py::test_is_win_anti_diagonal PASSED                    [ 76%]
tests/test_rules.py::test_is_win_not_five PASSED                         [ 78%]
tests/test_rules.py::test_is_draw_full_board PASSED                      [ 80%]
tests/test_rules.py::test_is_draw_not_full PASSED                        [ 82%]
tests/test_rules.py::test_is_game_over_win PASSED                        [ 85%]
tests/test_rules.py::test_is_game_over_draw PASSED                       [ 87%]
tests/test_rules.py::test_is_game_over_not_over PASSED                   [ 89%]
tests/test_rules.py::test_valid_moves PASSED                             [ 91%]
tests/test_rules.py::test_valid_moves_partial PASSED                     [ 93%]
tests/test_threats.py::test_split_four_threat PASSED                     [ 95%]
tests/test_threats.py::test_split_four_center_threat PASSED              [ 97%]
tests/test_threats.py::test_double_three_threat PASSED                   [100%]

============================= 47 passed in 3.77s ==============================
